// Jest Snapshot v1, https://goo.gl/fbAQLP

exports[`PageHeader blank snapshot 1`] = `
<div
  className="page__header"
>
  <div
    className="page__header-contain"
  >
    <h1
      className="page__heading"
    >
      Lunch Tyme
    </h1>
  </div>
</div>
`;
